C51 COMPILER V9.56.0.0   MAIN                                                              03/23/2020 16:50:09 PAGE 1   


C51 COMPILER V9.56.0.0, COMPILATION OF MODULE MAIN
OBJECT MODULE PLACED IN ..\OBJ\main.obj
COMPILER INVOKED BY: D:\Program_File\Keil_v5\C51\BIN\C51.EXE main.c OPTIMIZE(8,SPEED) BROWSE INCDIR(..\HARDWARE;..\SYSTE
                    -M;..\HARDWARE\DISPLAY;..\HARDWARE\USART;..\HARDWARE\TIM;..\HARDWARE\KEY;..\HARDWARE\EEPROM) DEBUG OBJECTEXTEND PRINT(.\L
                    -istings\main.lst) OBJECT(..\OBJ\main.obj)

line level    source

   1          #include "sys.h"
   2          #include "delay.h"
   3          #include "display.h"
   4          #include "usart.h"
   5          #include "tim.h"
   6          #include "key.h"
   7          #include "eeprom.h"
   8          
   9          uint i = 0;
  10          
  11          
  12          void main()
  13          {
  14   1              UART_Init();    //初始化串口
  15   1              TIM_Init();             //初始化定时器
  16   1      
  17   1          //IapEraseSector(IAP_ADDRESS);    //Erase current sector
  18   1      
  19   1              //Delay5ms();
  20   1              
  21   1              //IapProgramByte(IAP_ADDRESS,(BYTE)6);
  22   1              //Delay5ms();
  23   1              
  24   1              while(1)
  25   1              {
  26   2                      if(flag_1s == 1)
  27   2                      {
  28   3                              if(time == 0)
  29   3                                      time = 30;
  30   3                              time--;
  31   3                      }
  32   2                      
  33   2                      DigDisplay(30);
  34   2                      
  35   2                      key = KEY_Scan(0);      //不支持连续按 0不支持 1支持
  36   2                      if(key == 1)
  37   2                              i = IapReadByte(IAP_ADDRESS);   //读取一个字节
  38   2                      else if(key == 2)
  39   2                      {
  40   3                              str[1] = i;
  41   3                              UART_Putch(str);
  42   3                      }
  43   2                      Delay5ms();
  44   2              }
  45   1      }


MODULE INFORMATION:   STATIC OVERLAYABLE
   CODE SIZE        =     93    ----
   CONSTANT SIZE    =   ----    ----
   XDATA SIZE       =   ----    ----
   PDATA SIZE       =   ----    ----
   DATA SIZE        =      2    ----
C51 COMPILER V9.56.0.0   MAIN                                                              03/23/2020 16:50:09 PAGE 2   

   IDATA SIZE       =   ----    ----
   BIT SIZE         =   ----    ----
END OF MODULE INFORMATION.


C51 COMPILATION COMPLETE.  0 WARNING(S),  0 ERROR(S)
