C51 COMPILER V9.56.0.0   LED                                                               03/23/2020 16:48:30 PAGE 1   


C51 COMPILER V9.56.0.0, COMPILATION OF MODULE LED
OBJECT MODULE PLACED IN ..\OBJ\led.obj
COMPILER INVOKED BY: D:\Program_File\Keil_v5\C51\BIN\C51.EXE ..\HARDWARE\LED\led.c OPTIMIZE(8,SPEED) BROWSE INCDIR(..\HA
                    -RDWARE;..\SYSTEM;..\HARDWARE\USART;..\HARDWARE\LED) DEBUG OBJECTEXTEND PRINT(.\Listings\led.lst) OBJECT(..\OBJ\led.obj)

line level    source

   1          #include "led.h"
   2          #include "sys.h"
   3          
   4          /*******************************************************************************
   5          * 函数名         : Led_ON
   6          * 功能                         : 点亮LED
   7          * 输入                         ：无
   8          * 输出                         : 无
   9          *******************************************************************************/
  10          void Led_ON()
  11          {
  12   1              led = 0;
  13   1      }
  14          
  15          /*******************************************************************************
  16          * 函数名         : Led_OFF
  17          * 功能                         : 关闭LED
  18          * 输入                         ：无
  19          * 输出                         : 无
  20          *******************************************************************************/
  21          void Led_OFF()
  22          {
  23   1              led = 1;
  24   1      }


MODULE INFORMATION:   STATIC OVERLAYABLE
   CODE SIZE        =      6    ----
   CONSTANT SIZE    =   ----    ----
   XDATA SIZE       =   ----    ----
   PDATA SIZE       =   ----    ----
   DATA SIZE        =   ----    ----
   IDATA SIZE       =   ----    ----
   BIT SIZE         =   ----    ----
END OF MODULE INFORMATION.


C51 COMPILATION COMPLETE.  0 WARNING(S),  0 ERROR(S)
