C51 COMPILER V9.56.0.0   MAIN                                                              03/24/2020 16:40:59 PAGE 1   


C51 COMPILER V9.56.0.0, COMPILATION OF MODULE MAIN
OBJECT MODULE PLACED IN ..\OBJ\main.obj
COMPILER INVOKED BY: D:\Program_File\Keil_v5\C51\BIN\C51.EXE main.c OPTIMIZE(8,SPEED) BROWSE INCDIR(..\HARDWARE;..\SYSTE
                    -M;..\HARDWARE\USART;..\HARDWARE\LED;..\HARDWARE\EEPROM;..\HARDWARE\KEY) DEBUG OBJECTEXTEND PRINT(.\Listings\main.lst) OB
                    -JECT(..\OBJ\main.obj)

line level    source

   1          #include "sys.h"
   2          #include "usart.h"
   3          #include "delay.h"
   4          #include "led.h"
   5          
   6          int ID = 0;                             //设备ID
   7          
   8          void main()
   9          {
  10   1              UART_Init();
  11   1              
  12   1              while(1)
  13   1              {
  14   2                      if(str[1]==0x01)
  15   2                      {
  16   3                              Led_ON();
  17   3                      }
  18   2                      else
  19   2                      {
  20   3                              Led_OFF();
  21   3                      }
  22   2                      R_STA = 0;              //处理数据后清除串口接收标志
  23   2                      Delay5ms();
  24   2              }
  25   1      }


MODULE INFORMATION:   STATIC OVERLAYABLE
   CODE SIZE        =     25    ----
   CONSTANT SIZE    =   ----    ----
   XDATA SIZE       =   ----    ----
   PDATA SIZE       =   ----    ----
   DATA SIZE        =      2    ----
   IDATA SIZE       =   ----    ----
   BIT SIZE         =   ----    ----
END OF MODULE INFORMATION.


C51 COMPILATION COMPLETE.  0 WARNING(S),  0 ERROR(S)
