C51 COMPILER V9.56.0.0   MAIN                                                              03/25/2020 16:41:31 PAGE 1   


C51 COMPILER V9.56.0.0, COMPILATION OF MODULE MAIN
OBJECT MODULE PLACED IN ..\OBJ\main.obj
COMPILER INVOKED BY: D:\Program_File\Keil_v5\C51\BIN\C51.EXE main.c OPTIMIZE(8,SPEED) BROWSE INCDIR(..\HARDWARE;..\SYSTE
                    -M;..\HARDWARE\USART;..\HARDWARE\LED;..\HARDWARE\EEPROM;..\HARDWARE\KEY) DEBUG OBJECTEXTEND PRINT(.\Listings\main.lst) OB
                    -JECT(..\OBJ\main.obj)

line level    source

   1          #include "sys.h"
   2          #include "usart.h"
   3          #include "delay.h"
   4          #include "led.h"
   5          #include "key.h"
   6          
   7          unsigned char ID = 0x03;                                //设备ID
   8          unsigned char comd1 = 0x00;                                     //全部点亮忽视ID
   9          unsigned char comd2 = 0x00;                                     //根据ID点亮
  10          uint Config_flag = 0;                                           //是否进入参数配置标志位 1位进入配置模式
  11          uint index = 0;                                                         //记录设置的是第几个参数
  12          
  13          void main()
  14          {
  15   1              int key = 0;
  16   1              UART_Init();
  17   1              EA = 1;
  18   1              P0 = 0X00;
  19   1              while(1)
  20   1              {
  21   2                      if(Config_flag==0)                              //正常工作模式
  22   2                      {
  23   3                              if((R_STA&0x80)==0x80)
  24   3                              {
  25   4                                      comd1 = str[1];
  26   4                                      comd2 = str[2];
  27   4                                      R_STA = 0;              //处理数据后清除串口接收标志
  28   4                                      //UART_Putch(str);
  29   4                              }
  30   3                              
  31   3                              key = KEY_Scan(0);
  32   3                              if(key == 1)                                                    //切换配置模式
  33   3                              {
  34   4                                      Config_flag = 1;
  35   4                                      EA = 0;
  36   4                                      P0 |=0X80; 
  37   4                              }
  38   3                              
  39   3                              if((comd1 == 0x01)||(comd2 == ID))
  40   3                              {
  41   4                                      Led_ON();
  42   4                              }
  43   3                              else
  44   3                              {
  45   4                                      Led_OFF();
  46   4                              }
  47   3                      }
  48   2                      else
  49   2                      {
  50   3                              key = KEY_Scan(0);
  51   3                              if(key == 1)                            //退出配置模式
  52   3                              {
  53   4                                      Config_flag = 0;
C51 COMPILER V9.56.0.0   MAIN                                                              03/25/2020 16:41:31 PAGE 2   

  54   4                                      EA = 1;
  55   4                                      P0 =0X00;
  56   4                              }
  57   3                              else if(key == 2)
  58   3                              {
  59   4                                      ID = 0x01;
  60   4                                      P0 |=0X04;
  61   4                              }
  62   3                              else if(key == 3)
  63   3                              {
  64   4                                      ID = 0x02;
  65   4                                      P0 |=0X02;
  66   4                              }
  67   3                      }
  68   2              }
  69   1      }


MODULE INFORMATION:   STATIC OVERLAYABLE
   CODE SIZE        =    146    ----
   CONSTANT SIZE    =   ----    ----
   XDATA SIZE       =   ----    ----
   PDATA SIZE       =   ----    ----
   DATA SIZE        =      7       2
   IDATA SIZE       =   ----    ----
   BIT SIZE         =   ----    ----
END OF MODULE INFORMATION.


C51 COMPILATION COMPLETE.  0 WARNING(S),  0 ERROR(S)
