C51 COMPILER V9.56.0.0   MAIN                                                              03/23/2020 16:49:33 PAGE 1   


C51 COMPILER V9.56.0.0, COMPILATION OF MODULE MAIN
OBJECT MODULE PLACED IN ..\OBJ\main.obj
COMPILER INVOKED BY: D:\Program_File\Keil_v5\C51\BIN\C51.EXE main.c OPTIMIZE(8,SPEED) BROWSE INCDIR(..\HARDWARE;..\SYSTE
                    -M;..\HARDWARE\USART;..\HARDWARE\LED) DEBUG OBJECTEXTEND PRINT(.\Listings\main.lst) OBJECT(..\OBJ\main.obj)

line level    source

   1          #include "sys.h"
   2          #include "usart.h"
   3          #include "delay.h"
   4          
   5          void main()
   6          {
   7   1              UART_Init();
   8   1              
   9   1              while(1)
  10   1              {
  11   2                      
  12   2                      Delay5ms();
  13   2              }
  14   1      }


MODULE INFORMATION:   STATIC OVERLAYABLE
   CODE SIZE        =      8    ----
   CONSTANT SIZE    =   ----    ----
   XDATA SIZE       =   ----    ----
   PDATA SIZE       =   ----    ----
   DATA SIZE        =   ----    ----
   IDATA SIZE       =   ----    ----
   BIT SIZE         =   ----    ----
END OF MODULE INFORMATION.


C51 COMPILATION COMPLETE.  0 WARNING(S),  0 ERROR(S)
